// Jest Snapshot v1, https://goo.gl/fbAQLP

exports[`Home component verify snapshot 1`] = `
<div>
  Hello World!
</div>
`;
